#-----------------------------------------------------------
# Vivado v2024.1 (64-bit)
# SW Build 5076996 on Wed May 22 18:36:09 MDT 2024
# IP Build 5075265 on Wed May 22 21:45:21 MDT 2024
# SharedData Build 5076995 on Wed May 22 18:29:18 MDT 2024
# Start of session at: Sun Jul 14 20:22:47 2024
# Process ID: 5097
# Current directory: /home/ax/Desktop/my_work/DDAC/labs/lab6/vivado
# Command line: vivado
# Log file: /home/ax/Desktop/my_work/DDAC/labs/lab6/vivado/vivado.log
# Journal file: /home/ax/Desktop/my_work/DDAC/labs/lab6/vivado/vivado.jou
# Running On        :ax
# Platform          :Ubuntu
# Operating System  :Ubuntu 22.04.3 LTS
# Processor Detail  :Intel(R) Core(TM) i5-8300H CPU @ 2.30GHz
# CPU Frequency     :4000.330 MHz
# CPU Physical cores:4
# CPU Logical cores :8
# Host memory       :8185 MB
# Swap memory       :16383 MB
# Total Virtual     :24569 MB
# Available Virtual :23446 MB
#-----------------------------------------------------------
start_gui
create_project lab6 /home/ax/Desktop/my_work/DDAC/labs/lab6/vivado/lab6 -part xc7a35tcpg236-1
add_files -norecurse /home/ax/Desktop/my_work/DDAC/labs/lab6/vivado/lab6_files/bad_ALU.v
update_compile_order -fileset sources_1
add_files -norecurse /home/ax/Desktop/my_work/DDAC/labs/lab6/vivado/lab6_files/ALU_test.v
update_compile_order -fileset sources_1
export_ip_user_files -of_objects  [get_files /home/ax/Desktop/my_work/DDAC/labs/lab6/vivado/lab6_files/ALU_test.v] -no_script -reset -force -quiet
remove_files  /home/ax/Desktop/my_work/DDAC/labs/lab6/vivado/lab6_files/ALU_test.v
set_property SOURCE_SET sources_1 [get_filesets sim_1]
add_files -fileset sim_1 -norecurse /home/ax/Desktop/my_work/DDAC/labs/lab6/vivado/lab6_files/ALU_test.v
update_compile_order -fileset sim_1
add_files -norecurse {/home/ax/Desktop/my_work/DDAC/labs/lab6/vivado/lab6_files/ALU.v /home/ax/Desktop/my_work/DDAC/labs/lab6/vivado/lab6_files/LogicOut.v /home/ax/Desktop/my_work/DDAC/labs/lab6/vivado/lab6_files/Adder.v /home/ax/Desktop/my_work/DDAC/labs/lab6/vivado/lab6_files/ArithOut.v}
update_compile_order -fileset sources_1
update_compile_order -fileset sources_1
update_compile_order -fileset sim_1
launch_simulation
launch_simulation
source ALU_test.tcl
close_sim
launch_simulation
source ALU_test.tcl
close_sim
launch_simulation
source ALU_test.tcl
close_sim
launch_simulation
source ALU_test.tcl
close_sim
launch_simulation
source ALU_test.tcl
close_sim
launch_simulation
source ALU_test.tcl
close_sim
launch_simulation
source ALU_test.tcl
close_sim
launch_simulation
source ALU_test.tcl
close_sim
launch_simulation
source ALU_test.tcl
close_sim
launch_simulation
source ALU_test.tcl
close_sim
launch_simulation
source ALU_test.tcl
close_sim
# Disabling source management mode.  This is to allow the top design properties to be set without GUI intervention.
set_property source_mgmt_mode None [current_project]
set_property top bad_ALU [current_fileset]
# Re-enabling previously disabled source management mode.
set_property source_mgmt_mode All [current_project]
update_compile_order -fileset sources_1
launch_simulation
launch_simulation
source ALU_test.tcl
set_property -name {xsim.simulate.runtime} -value {2000ns} -objects [get_filesets sim_1]
close_sim
launch_simulation
source ALU_test.tcl
close_sim
launch_simulation
source ALU_test.tcl
close_sim
launch_simulation
source ALU_test.tcl
close_sim
launch_simulation
source ALU_test.tcl
close_sim
launch_simulation
source ALU_test.tcl
close_sim
launch_simulation
source ALU_test.tcl
close_sim
launch_simulation
source ALU_test.tcl
close_sim
